// Jest Snapshot v1, https://goo.gl/fbAQLP

exports[`createJob form smoke and snapshot tests should match snapshot 1`] = `
<DocumentFragment>
  <div
    class="custom-modal "
  >
    <div
      class="modal-content"
    >
      <h2>
        Create a New Job
      </h2>
      <form
        class=""
      >
        <div
          class="form-group"
        >
          <label
            class=""
            for="title"
          >
            Job Title:
          </label>
          <input
            class="form-control"
            data-testid="createJob-form-title-input"
            id="title"
            name="title"
            placeholder="Job Title"
            type="text"
            value=""
          />
        </div>
        <div
          class="form-group"
        >
          <label
            class=""
            for="body"
          >
            Job Description:
          </label>
          <textarea
            class="form-control"
            data-testid="createJob-form-body-input"
            id="body"
            name="body"
            placeholder="Briefly describe the job..."
            rows="1"
            style="resize: none; overflow-y: hidden;"
          />
        </div>
        <div
          class="form-group"
        >
          <label
            class=""
            for="address"
          >
            Address:
          </label>
          <input
            class="form-control"
            data-testid="createJob-form-address-input"
            id="address"
            name="address"
            placeholder="Address"
            type="text"
            value=""
          />
          <div
            class="invalid-feedback"
          >
            Please enter an address.
          </div>
        </div>
        <div
          class="form-group"
        >
          <label
            class=""
            for="imageInput"
          >
            Upload "Before" Image
          </label>
          <input
            aria-invalid="false"
            class="is-valid form-control-file"
            id="imageInput"
            name="image"
            type="file"
          />
          <div
            class="valid-feedback"
          >
            Valid file type
          </div>
          <small
            class="form-text text-muted"
          >
            Supported File Types: jpg, png
          </small>
        </div>
        <div
          class="button-container"
        >
          <button
            class="button btn btn-info"
            data-testid="createJob-submit-button"
            type="submit"
          >
            Post Job
          </button>
          <button
            class="button btn btn-danger"
            data-testid="createJob-close-button"
            type="submit"
          >
            Close
          </button>
        </div>
      </form>
    </div>
  </div>
</DocumentFragment>
`;
