// Jest Snapshot v1, https://goo.gl/fbAQLP

exports[`smoke and snapshot tests should match snapshot 1`] = `
<DocumentFragment>
  <div>
    <div>
      <h1
        data-testid="jobs-worker-title"
      >
        All Jobs
      </h1>
    </div>
    <div />
    <div />
    <div>
      <button
        data-testid="jobs-worker-button"
      >
        My Jobs
      </button>
    </div>
    <div />
  </div>
</DocumentFragment>
`;
