// Jest Snapshot v1, https://goo.gl/fbAQLP

exports[`login form smoke and snapshot tests should match snapshot 1`] = `
<DocumentFragment>
  <div
    class="login-container"
  >
    <div
      class="login-centered-card"
    >
      <h5>
        Login
      </h5>
      <form
        class=""
      >
        <small
          class="form-text text-muted"
          for="email"
        >
          Email
        </small>
        <input
          data-testid="login-form-email-input"
          id="email"
          name="email"
          placeholder="Email Address"
          type="text"
          value=""
        />
        <small
          class="form-text text-muted"
          for="password"
        >
          Password
        </small>
        <input
          data-testid="login-form-password-input"
          id="password"
          name="password"
          placeholder="********"
          type="password"
          value=""
        />
        <button
          class="login-button btn btn-info"
          data-testid="login-form-button"
          type="submit"
        >
          Login
        </button>
      </form>
    </div>
  </div>
</DocumentFragment>
`;
