// Jest Snapshot v1, https://goo.gl/fbAQLP

exports[`login form smoke and snapshot tests should match snapshot 1`] = `
<DocumentFragment>
  <div
    class="new-message-container"
  >
    <div
      class="new-message-centered-card"
    >
      <form
        class=""
      >
        <div
          class="row form-group"
        >
          <label
            class=""
            for="message"
          >
            New Message: 
          </label>
          <textarea
            class="text-input form-control"
            data-testid="convo-message-input"
            id="body"
            name="body"
            placeholder="What's on your mind?"
            rows="1"
            style="resize: none; overflow-y: hidden;"
          />
        </div>
        <button
          class="button btn btn-info"
          data-testid="convo-form-button"
          type="submit"
        >
          Send
        </button>
        <button
          class="button btn btn-danger"
          data-testid="convo-close-button"
          type="button"
        >
          Close
        </button>
      </form>
    </div>
  </div>
</DocumentFragment>
`;
