// Jest Snapshot v1, https://goo.gl/fbAQLP

exports[`signup form smoke and snapshot tests should match snapshot 1`] = `
<DocumentFragment>
  <div
    class="signup-container"
  >
    <div
      class="signup-message-container"
    >
      <p
        class="signup-message-header"
      >
        Welcome to Tasker!
      </p>
      <p
        class="signup-message-details"
      >
        Post Jobs as a 
        <span
          style="color: rgb(20, 162, 184);"
        >
          User
        </span>
        <br />
         Find Jobs as a 
        <span
          style="color: rgb(255, 192, 8);"
        >
          Worker
        </span>
      </p>
    </div>
    <div
      class="signup-form-container"
    >
      <div
        class="signup-header"
      >
        <h3>
          Sign Up
        </h3>
      </div>
      <div
        class="signup-type-button-container"
      >
        <button
          class="btn btn-warning"
          type="radio"
        >
          Worker
        </button>
        <button
          class="btn btn-info"
          type="button"
        >
          User
        </button>
      </div>
      <form
        class=""
      >
        <div
          class="form-group"
        >
          <label
            class=""
            for="email"
          >
            Email
          </label>
          <input
            class="form-control"
            data-testid="signup-form-email-input"
            id="email"
            name="email"
            placeholder="Email Address"
            type="text"
            value=""
          />
        </div>
        <div
          class="form-group"
        >
          <label
            class=""
            for="firstName"
          >
            First Name
          </label>
          <input
            class="form-control"
            data-testid="signup-form-first-name-input"
            id="firstName"
            name="firstName"
            placeholder="First Name"
            type="text"
            value=""
          />
        </div>
        <div
          class="form-group"
        >
          <label
            class=""
            for="lastName"
          >
            Last Name
          </label>
          <input
            class="form-control"
            data-testid="signup-form-last-name-input"
            id="lastName"
            name="lastName"
            placeholder="Last Name"
            type="text"
            value=""
          />
        </div>
        <div
          class="form-group"
        >
          <label
            class=""
            for="phone"
          >
            Phone
          </label>
          <input
            class="form-control"
            data-testid="signup-form-phone-input"
            id="phone"
            name="phone"
            placeholder="Phone"
            type="tel"
            value=""
          />
        </div>
        <div
          class="form-group"
        >
          <label
            class=""
            for="password"
          >
            Password
          </label>
          <input
            class="form-control"
            data-testid="signup-form-password-input"
            id="password"
            name="password"
            placeholder="********"
            type="password"
            value=""
          />
        </div>
        <div
          class="signup-button-container"
        >
          <button
            class="signup-button btn btn-info"
            data-testid="signup-form-button"
            type="submit"
          >
            Signup
          </button>
        </div>
        <div
          class="login-signup-message-container"
        >
          <p>
            Already registered?
          </p>
          <a
            href="/login"
          >
            Login
          </a>
        </div>
      </form>
    </div>
  </div>
</DocumentFragment>
`;
